// Jest Snapshot v1, https://goo.gl/fbAQLP

exports[`FooterComponent should render the Footer Component correctly 1`] = `ShallowWrapper {}`;
