// Jest Snapshot v1, https://goo.gl/fbAQLP

exports[`Header Component should render the header snapshot 1`] = `
<div>
  <nav
    className="navbar navbar-expand-md navbar-dark bg-dark"
  >
    <div
      className="container"
    >
      <a
        className="navbar-brand"
        href="/"
      >
        <span>
          StonkGen
        </span>
      </a>
      <button
        aria-label="Toggle navigation"
        className="navbar-toggler"
        onClick={[Function]}
        type="button"
      >
        <span
          className="navbar-toggler-icon"
        />
      </button>
      <div
        className="collapse navbar-collapse"
        style={Object {}}
      >
        <ul
          className="mr-auto navbar-nav"
        >
          <button
            className="btn btn-dark"
            data-test="home"
            onClick={[Function]}
          >
            Home
          </button>
          <li
            className="nav-item"
          >
            <button
              className="btn btn-dark"
              data-test="orders"
              onClick={[Function]}
            >
              Orders
            </button>
          </li>
          <li
            className="dropdown nav-item"
            onKeyDown={[Function]}
          >
            <a
              aria-expanded={false}
              aria-haspopup={true}
              className="dropdown-toggle nav-link"
              href="#"
              onClick={[Function]}
            >
              <span
                className="sr-only"
              >
                Toggle Dropdown
              </span>
            </a>
            <div
              aria-hidden={true}
              className="dropdown-menu dropdown-menu-right"
              role="menu"
              tabIndex="-1"
            >
              <button
                className="dropdown-item"
                onClick={[Function]}
                role="menuitem"
                tabIndex="0"
                type="button"
              >
                History
              </button>
              <div
                className="dropdown-divider"
                onClick={[Function]}
                tabIndex="-1"
              />
              <button
                className="dropdown-item"
                onClick={[Function]}
                role="menuitem"
                tabIndex="0"
                type="button"
              >
                Logout
              </button>
            </div>
          </li>
        </ul>
      </div>
    </div>
  </nav>
</div>
`;

exports[`Hedaer Component should render the header snapshot 1`] = `
<div>
  <nav
    className="navbar navbar-expand-md navbar-dark bg-dark"
  >
    <div
      className="container"
    >
      <a
        className="navbar-brand"
        href="/"
      >
        <span>
          StonkGen
        </span>
      </a>
      <button
        aria-label="Toggle navigation"
        className="navbar-toggler"
        onClick={[Function]}
        type="button"
      >
        <span
          className="navbar-toggler-icon"
        />
      </button>
      <div
        className="collapse navbar-collapse"
        style={Object {}}
      >
        <ul
          className="mr-auto navbar-nav"
        >
          <button
            className="btn btn-dark"
            data-test="home"
            onClick={[Function]}
          >
            Home
          </button>
          <li
            className="nav-item"
          >
            <button
              className="btn btn-dark"
              data-test="orders"
              onClick={[Function]}
            >
              Orders
            </button>
          </li>
          <li
            className="dropdown nav-item"
            onKeyDown={[Function]}
          >
            <a
              aria-expanded={false}
              aria-haspopup={true}
              className="dropdown-toggle nav-link"
              href="#"
              onClick={[Function]}
            >
              <span
                className="sr-only"
              >
                Toggle Dropdown
              </span>
            </a>
            <div
              aria-hidden={true}
              className="dropdown-menu dropdown-menu-right"
              role="menu"
              tabIndex="-1"
            >
              <button
                className="dropdown-item"
                onClick={[Function]}
                role="menuitem"
                tabIndex="0"
                type="button"
              >
                History
              </button>
              <div
                className="dropdown-divider"
                onClick={[Function]}
                tabIndex="-1"
              />
              <button
                className="dropdown-item"
                onClick={[Function]}
                role="menuitem"
                tabIndex="0"
                type="button"
              >
                Logout
              </button>
            </div>
          </li>
        </ul>
      </div>
    </div>
  </nav>
</div>
`;
